2026-02-02 07:17:27.574 [main] DEBUG org.example.query.ReferenceQuery - Finding references to symbol: target
2026-02-02 07:17:27.635 [main] DEBUG org.example.query.ReferenceQuery - Finding references for: MyClass
2026-02-02 07:17:27.642 [main] DEBUG org.example.query.ReferenceQuery - Finding references for: method
2026-02-02 07:17:27.649 [main] DEBUG org.example.query.ReferenceQuery - Finding references for: Foo
2026-02-02 07:17:27.660 [main] DEBUG org.example.query.ReferenceQuery - Finding references for: method
2026-02-02 07:17:27.670 [main] DEBUG org.example.query.ReferenceQuery - Finding references for: com.example.UserService
2026-02-02 07:17:27.678 [main] DEBUG org.example.query.ReferenceQuery - Finding references from symbol: source
2026-02-02 07:17:27.717 [main] DEBUG org.example.query.ReferenceQuery - Finding references for: ArrayList
2026-02-02 07:17:27.737 [main] DEBUG org.example.query.DependencyQuery - Finding dependencies for: MyService with depth: 1
2026-02-02 07:17:27.745 [main] DEBUG org.example.query.DependencyQuery - Finding dependents for: com.example.BaseClass with depth: 1
2026-02-02 07:17:27.749 [main] DEBUG org.example.query.DependencyQuery - Finding direct dependents for: sym1
2026-02-02 07:17:27.752 [main] DEBUG org.example.query.DependencyQuery - Finding dependencies for: Root with depth: 1
2026-02-02 07:17:27.756 [main] DEBUG org.example.query.DependencyQuery - Finding dependencies for: Root with depth: 2
2026-02-02 07:17:27.760 [main] DEBUG org.example.query.DependencyQuery - Finding dependencies for: com.example.UserService with depth: 1
2026-02-02 07:17:27.762 [main] DEBUG org.example.query.DependencyQuery - Finding dependencies for: NonExistent with depth: 1
2026-02-02 07:17:27.765 [main] WARN  org.example.query.DependencyQuery - Symbol not found: NonExistent
2026-02-02 07:17:27.768 [main] DEBUG org.example.query.DependencyQuery - Finding dependencies for: A with depth: 3
2026-02-02 07:17:27.778 [main] DEBUG org.example.query.DependencyQuery - Finding transitive dependents for: sym1 with depth: 2
2026-02-02 07:17:27.780 [main] DEBUG org.example.query.DependencyQuery - Finding direct dependencies for: sym1
2026-02-02 07:17:27.782 [main] DEBUG org.example.query.DependencyQuery - Finding transitive dependencies for: sym1 with depth: 0
2026-02-02 07:17:27.786 [main] DEBUG org.example.query.DependencyQuery - Finding transitive dependencies for: sym1 with depth: 3
2026-02-02 07:17:27.792 [main] DEBUG org.example.query.SymbolQuery - Finding symbols by pattern: User*
2026-02-02 07:17:27.794 [main] DEBUG org.example.query.SymbolQuery - Finding symbols with criteria: SymbolSearchCriteria[name=null, fullyQualifiedName=null, kind=null, filePath=null, packageName=null]
2026-02-02 07:17:27.803 [main] WARN  org.example.query.SymbolQuery - No search criteria specified
2026-02-02 07:17:27.805 [main] DEBUG org.example.query.SymbolQuery - Finding symbols in file: src/MyClass.java
2026-02-02 07:17:27.807 [main] DEBUG org.example.query.SymbolQuery - Finding symbols by kind: METHOD
2026-02-02 07:17:27.809 [main] DEBUG org.example.query.SymbolQuery - Finding symbols by name: MyClass
2026-02-02 07:17:27.811 [main] DEBUG org.example.query.SymbolQuery - Finding symbols with criteria: SymbolSearchCriteria[name=Foo, fullyQualifiedName=null, kind=null, filePath=null, packageName=null]
2026-02-02 07:17:27.812 [main] DEBUG org.example.query.SymbolQuery - Finding symbols by name: Foo
2026-02-02 07:17:27.815 [main] DEBUG org.example.query.SymbolQuery - Finding symbols with criteria: SymbolSearchCriteria[name=Foo*, fullyQualifiedName=null, kind=null, filePath=null, packageName=null]
2026-02-02 07:17:27.815 [main] DEBUG org.example.query.SymbolQuery - Finding symbols by pattern: Foo*
2026-02-02 07:17:27.817 [main] DEBUG org.example.query.SymbolQuery - Finding symbols with criteria: SymbolSearchCriteria[name=null, fullyQualifiedName=com.example.Bar, kind=null, filePath=null, packageName=null]
2026-02-02 07:17:27.817 [main] DEBUG org.example.query.SymbolQuery - Finding symbol by FQN: com.example.Bar
2026-02-02 07:17:27.819 [main] DEBUG org.example.query.SymbolQuery - Finding symbols with criteria: SymbolSearchCriteria[name=Foo, fullyQualifiedName=null, kind=CLASS, filePath=null, packageName=null]
2026-02-02 07:17:27.819 [main] DEBUG org.example.query.SymbolQuery - Finding symbols by name: Foo
2026-02-02 07:17:27.821 [main] DEBUG org.example.query.SymbolQuery - Finding symbols by pattern: *Service
2026-02-02 07:17:27.822 [main] DEBUG org.example.query.SymbolQuery - Finding symbols by pattern: User?
2026-02-02 07:17:27.825 [main] DEBUG org.example.query.SymbolQuery - Finding symbol by FQN: nonexistent
2026-02-02 07:17:27.826 [main] DEBUG org.example.query.SymbolQuery - Finding symbols with criteria: SymbolSearchCriteria[name=Service, fullyQualifiedName=null, kind=null, filePath=null, packageName=com.example]
2026-02-02 07:17:27.827 [main] DEBUG org.example.query.SymbolQuery - Finding symbols by name: Service
2026-02-02 07:17:27.829 [main] DEBUG org.example.query.SymbolQuery - Finding symbol by FQN: com.example.MyClass
2026-02-02 07:17:27.870 [main] DEBUG org.example.scip.ScipToGraphMapper - Added 0 CONTAINS relationships
2026-02-02 07:17:27.873 [main] DEBUG org.example.scip.ScipToGraphMapper - Added 0 INJECTS relationships
2026-02-02 07:17:27.873 [main] INFO  org.example.scip.ScipToGraphMapper - Mapped 1 documents, 2 symbols, 1 references
2026-02-02 07:17:27.876 [main] DEBUG org.example.scip.ScipToGraphMapper - Added 0 CONTAINS relationships
2026-02-02 07:17:27.876 [main] DEBUG org.example.scip.ScipToGraphMapper - Added 0 INJECTS relationships
2026-02-02 07:17:27.876 [main] INFO  org.example.scip.ScipToGraphMapper - Mapped 1 documents, 1 symbols, 0 references
2026-02-02 07:17:27.878 [main] DEBUG org.example.scip.ScipToGraphMapper - Added 0 CONTAINS relationships
2026-02-02 07:17:27.878 [main] DEBUG org.example.scip.ScipToGraphMapper - Added 0 INJECTS relationships
2026-02-02 07:17:27.878 [main] INFO  org.example.scip.ScipToGraphMapper - Mapped 2 documents, 2 symbols, 0 references
2026-02-02 07:17:27.881 [main] DEBUG org.example.scip.ScipToGraphMapper - Added 2 CONTAINS relationships
2026-02-02 07:17:27.882 [main] DEBUG org.example.scip.ScipToGraphMapper - Added 0 INJECTS relationships
2026-02-02 07:17:27.882 [main] INFO  org.example.scip.ScipToGraphMapper - Mapped 1 documents, 2 symbols, 3 references
2026-02-02 07:17:27.886 [main] DEBUG org.example.scip.ScipToGraphMapper - Added 1 CONTAINS relationships
2026-02-02 07:17:27.886 [main] DEBUG org.example.scip.ScipToGraphMapper - Added 0 INJECTS relationships
2026-02-02 07:17:27.886 [main] INFO  org.example.scip.ScipToGraphMapper - Mapped 1 documents, 1 symbols, 1 references
2026-02-02 07:17:27.887 [main] DEBUG org.example.scip.ScipToGraphMapper - Added 0 CONTAINS relationships
2026-02-02 07:17:27.887 [main] DEBUG org.example.scip.ScipToGraphMapper - Added 0 INJECTS relationships
2026-02-02 07:17:27.887 [main] INFO  org.example.scip.ScipToGraphMapper - Mapped 0 documents, 0 symbols, 0 references
2026-02-02 07:17:27.889 [main] DEBUG org.example.scip.ScipToGraphMapper - Added 0 CONTAINS relationships
2026-02-02 07:17:27.889 [main] DEBUG org.example.scip.ScipToGraphMapper - Added 0 INJECTS relationships
2026-02-02 07:17:27.889 [main] INFO  org.example.scip.ScipToGraphMapper - Mapped 1 documents, 2 symbols, 1 references
2026-02-02 07:17:27.891 [main] DEBUG org.example.scip.ScipToGraphMapper - Added 1 CONTAINS relationships
2026-02-02 07:17:27.891 [main] DEBUG org.example.scip.ScipToGraphMapper - Added 0 INJECTS relationships
2026-02-02 07:17:27.891 [main] INFO  org.example.scip.ScipToGraphMapper - Mapped 1 documents, 1 symbols, 1 references
2026-02-02 07:17:27.893 [main] DEBUG org.example.scip.ScipToGraphMapper - Added 0 CONTAINS relationships
2026-02-02 07:17:27.893 [main] DEBUG org.example.scip.ScipToGraphMapper - Added 0 INJECTS relationships
2026-02-02 07:17:27.893 [main] INFO  org.example.scip.ScipToGraphMapper - Mapped 1 documents, 4 symbols, 0 references
2026-02-02 07:17:28.194 [main] INFO  org.example.scip.storage.ScipIndexStorage - Initialized SCIP storage at: /tmp/junit10466930241427777793
2026-02-02 07:17:28.238 [main] DEBUG org.example.scip.storage.ScipIndexStorage - Saved metadata: /tmp/junit10466930241427777793/metadata/delete-test-20260202071728.json
2026-02-02 07:17:28.239 [main] INFO  org.example.scip.storage.ScipIndexStorage - Deleted index: delete-test-20260202071728
2026-02-02 07:17:28.242 [main] INFO  org.example.scip.storage.ScipIndexStorage - Initialized SCIP storage at: /tmp/junit3395181134511230897
2026-02-02 07:17:28.244 [main] INFO  org.example.scip.storage.ScipIndexStorage - Initialized SCIP storage at: /tmp/junit3233560565935681918
2026-02-02 07:17:28.247 [main] INFO  org.example.scip.storage.ScipIndexStorage - Initialized SCIP storage at: /tmp/junit1609872928999467129
2026-02-02 07:17:28.250 [main] INFO  org.example.scip.storage.ScipIndexStorage - Initialized SCIP storage at: /tmp/junit11226946500874259899
2026-02-02 07:17:28.252 [main] INFO  org.example.scip.storage.ScipIndexStorage - Initialized SCIP storage at: /tmp/junit7891214582117086938
2026-02-02 07:17:28.254 [main] INFO  org.example.scip.storage.ScipIndexStorage - Initialized SCIP storage at: /tmp/junit5410956765628977471
2026-02-02 07:17:28.259 [main] DEBUG org.example.scip.storage.ScipIndexStorage - Saved metadata: /tmp/junit5410956765628977471/metadata/testproject-20260202071728.json
2026-02-02 07:17:28.262 [main] INFO  org.example.scip.storage.ScipIndexStorage - Initialized SCIP storage at: /tmp/junit13130694296843569107
2026-02-02 07:17:28.265 [main] INFO  org.example.scip.storage.ScipIndexStorage - Initialized SCIP storage at: /tmp/junit846368298016947421
2026-02-02 07:17:28.268 [main] INFO  org.example.scip.storage.ScipIndexStorage - Initialized SCIP storage at: /tmp/junit2288689989868727815
2026-02-02 07:17:28.288 [main] INFO  org.example.scip.ScipParser - Parsing SCIP index: /tmp/junit8941416764498598533/test.scip
2026-02-02 07:17:28.293 [main] INFO  org.example.scip.ScipParser - Parsed SCIP index in 4ms: 1 documents, 0 external symbols
2026-02-02 07:17:44.815 [main] DEBUG org.example.query.ReferenceQuery - Finding references to symbol: target
2026-02-02 07:17:44.853 [main] DEBUG org.example.query.ReferenceQuery - Finding references for: MyClass
2026-02-02 07:17:44.860 [main] DEBUG org.example.query.ReferenceQuery - Finding references for: method
2026-02-02 07:17:44.867 [main] DEBUG org.example.query.ReferenceQuery - Finding references for: Foo
2026-02-02 07:17:44.872 [main] DEBUG org.example.query.ReferenceQuery - Finding references for: method
2026-02-02 07:17:44.878 [main] DEBUG org.example.query.ReferenceQuery - Finding references for: com.example.UserService
2026-02-02 07:17:44.887 [main] DEBUG org.example.query.ReferenceQuery - Finding references from symbol: source
2026-02-02 07:17:44.915 [main] DEBUG org.example.query.ReferenceQuery - Finding references for: ArrayList
2026-02-02 07:17:44.935 [main] DEBUG org.example.query.DependencyQuery - Finding dependencies for: MyService with depth: 1
2026-02-02 07:17:44.941 [main] DEBUG org.example.query.DependencyQuery - Finding dependents for: com.example.BaseClass with depth: 1
2026-02-02 07:17:44.944 [main] DEBUG org.example.query.DependencyQuery - Finding direct dependents for: sym1
2026-02-02 07:17:44.947 [main] DEBUG org.example.query.DependencyQuery - Finding dependencies for: Root with depth: 1
2026-02-02 07:17:44.950 [main] DEBUG org.example.query.DependencyQuery - Finding dependencies for: Root with depth: 2
2026-02-02 07:17:44.958 [main] DEBUG org.example.query.DependencyQuery - Finding dependencies for: com.example.UserService with depth: 1
2026-02-02 07:17:44.961 [main] DEBUG org.example.query.DependencyQuery - Finding dependencies for: NonExistent with depth: 1
2026-02-02 07:17:44.965 [main] WARN  org.example.query.DependencyQuery - Symbol not found: NonExistent
2026-02-02 07:17:44.972 [main] DEBUG org.example.query.DependencyQuery - Finding dependencies for: A with depth: 3
2026-02-02 07:17:44.992 [main] DEBUG org.example.query.DependencyQuery - Finding transitive dependents for: sym1 with depth: 2
2026-02-02 07:17:44.997 [main] DEBUG org.example.query.DependencyQuery - Finding direct dependencies for: sym1
2026-02-02 07:17:45.001 [main] DEBUG org.example.query.DependencyQuery - Finding transitive dependencies for: sym1 with depth: 0
2026-02-02 07:17:45.006 [main] DEBUG org.example.query.DependencyQuery - Finding transitive dependencies for: sym1 with depth: 3
2026-02-02 07:17:45.016 [main] DEBUG org.example.query.SymbolQuery - Finding symbols by pattern: User*
2026-02-02 07:17:45.021 [main] DEBUG org.example.query.SymbolQuery - Finding symbols with criteria: SymbolSearchCriteria[name=null, fullyQualifiedName=null, kind=null, filePath=null, packageName=null]
2026-02-02 07:17:45.030 [main] WARN  org.example.query.SymbolQuery - No search criteria specified
2026-02-02 07:17:45.032 [main] DEBUG org.example.query.SymbolQuery - Finding symbols in file: src/MyClass.java
2026-02-02 07:17:45.037 [main] DEBUG org.example.query.SymbolQuery - Finding symbols by kind: METHOD
2026-02-02 07:17:45.039 [main] DEBUG org.example.query.SymbolQuery - Finding symbols by name: MyClass
2026-02-02 07:17:45.041 [main] DEBUG org.example.query.SymbolQuery - Finding symbols with criteria: SymbolSearchCriteria[name=Foo, fullyQualifiedName=null, kind=null, filePath=null, packageName=null]
2026-02-02 07:17:45.041 [main] DEBUG org.example.query.SymbolQuery - Finding symbols by name: Foo
2026-02-02 07:17:45.046 [main] DEBUG org.example.query.SymbolQuery - Finding symbols with criteria: SymbolSearchCriteria[name=Foo*, fullyQualifiedName=null, kind=null, filePath=null, packageName=null]
2026-02-02 07:17:45.047 [main] DEBUG org.example.query.SymbolQuery - Finding symbols by pattern: Foo*
2026-02-02 07:17:45.050 [main] DEBUG org.example.query.SymbolQuery - Finding symbols with criteria: SymbolSearchCriteria[name=null, fullyQualifiedName=com.example.Bar, kind=null, filePath=null, packageName=null]
2026-02-02 07:17:45.050 [main] DEBUG org.example.query.SymbolQuery - Finding symbol by FQN: com.example.Bar
2026-02-02 07:17:45.053 [main] DEBUG org.example.query.SymbolQuery - Finding symbols with criteria: SymbolSearchCriteria[name=Foo, fullyQualifiedName=null, kind=CLASS, filePath=null, packageName=null]
2026-02-02 07:17:45.053 [main] DEBUG org.example.query.SymbolQuery - Finding symbols by name: Foo
2026-02-02 07:17:45.055 [main] DEBUG org.example.query.SymbolQuery - Finding symbols by pattern: *Service
2026-02-02 07:17:45.055 [main] DEBUG org.example.query.SymbolQuery - Finding symbols by pattern: User?
2026-02-02 07:17:45.057 [main] DEBUG org.example.query.SymbolQuery - Finding symbol by FQN: nonexistent
2026-02-02 07:17:45.061 [main] DEBUG org.example.query.SymbolQuery - Finding symbols with criteria: SymbolSearchCriteria[name=Service, fullyQualifiedName=null, kind=null, filePath=null, packageName=com.example]
2026-02-02 07:17:45.061 [main] DEBUG org.example.query.SymbolQuery - Finding symbols by name: Service
2026-02-02 07:17:45.063 [main] DEBUG org.example.query.SymbolQuery - Finding symbol by FQN: com.example.MyClass
2026-02-02 07:17:45.096 [main] DEBUG org.example.scip.ScipToGraphMapper - Added 0 CONTAINS relationships
2026-02-02 07:17:45.099 [main] DEBUG org.example.scip.ScipToGraphMapper - Added 0 INJECTS relationships
2026-02-02 07:17:45.099 [main] INFO  org.example.scip.ScipToGraphMapper - Mapped 1 documents, 2 symbols, 1 references
2026-02-02 07:17:45.101 [main] DEBUG org.example.scip.ScipToGraphMapper - Added 0 CONTAINS relationships
2026-02-02 07:17:45.101 [main] DEBUG org.example.scip.ScipToGraphMapper - Added 0 INJECTS relationships
2026-02-02 07:17:45.101 [main] INFO  org.example.scip.ScipToGraphMapper - Mapped 1 documents, 1 symbols, 0 references
2026-02-02 07:17:45.103 [main] DEBUG org.example.scip.ScipToGraphMapper - Added 0 CONTAINS relationships
2026-02-02 07:17:45.103 [main] DEBUG org.example.scip.ScipToGraphMapper - Added 0 INJECTS relationships
2026-02-02 07:17:45.103 [main] INFO  org.example.scip.ScipToGraphMapper - Mapped 2 documents, 2 symbols, 0 references
2026-02-02 07:17:45.104 [main] DEBUG org.example.scip.ScipToGraphMapper - Added 2 CONTAINS relationships
2026-02-02 07:17:45.104 [main] DEBUG org.example.scip.ScipToGraphMapper - Added 0 INJECTS relationships
2026-02-02 07:17:45.105 [main] INFO  org.example.scip.ScipToGraphMapper - Mapped 1 documents, 2 symbols, 3 references
2026-02-02 07:17:45.109 [main] DEBUG org.example.scip.ScipToGraphMapper - Added 1 CONTAINS relationships
2026-02-02 07:17:45.109 [main] DEBUG org.example.scip.ScipToGraphMapper - Added 0 INJECTS relationships
2026-02-02 07:17:45.109 [main] INFO  org.example.scip.ScipToGraphMapper - Mapped 1 documents, 1 symbols, 1 references
2026-02-02 07:17:45.110 [main] DEBUG org.example.scip.ScipToGraphMapper - Added 0 CONTAINS relationships
2026-02-02 07:17:45.111 [main] DEBUG org.example.scip.ScipToGraphMapper - Added 0 INJECTS relationships
2026-02-02 07:17:45.111 [main] INFO  org.example.scip.ScipToGraphMapper - Mapped 0 documents, 0 symbols, 0 references
2026-02-02 07:17:45.112 [main] DEBUG org.example.scip.ScipToGraphMapper - Added 0 CONTAINS relationships
2026-02-02 07:17:45.112 [main] DEBUG org.example.scip.ScipToGraphMapper - Added 0 INJECTS relationships
2026-02-02 07:17:45.112 [main] INFO  org.example.scip.ScipToGraphMapper - Mapped 1 documents, 2 symbols, 1 references
2026-02-02 07:17:45.114 [main] DEBUG org.example.scip.ScipToGraphMapper - Added 1 CONTAINS relationships
2026-02-02 07:17:45.114 [main] DEBUG org.example.scip.ScipToGraphMapper - Added 0 INJECTS relationships
2026-02-02 07:17:45.114 [main] INFO  org.example.scip.ScipToGraphMapper - Mapped 1 documents, 1 symbols, 1 references
2026-02-02 07:17:45.116 [main] DEBUG org.example.scip.ScipToGraphMapper - Added 0 CONTAINS relationships
2026-02-02 07:17:45.116 [main] DEBUG org.example.scip.ScipToGraphMapper - Added 0 INJECTS relationships
2026-02-02 07:17:45.116 [main] INFO  org.example.scip.ScipToGraphMapper - Mapped 1 documents, 4 symbols, 0 references
2026-02-02 07:17:45.462 [main] INFO  org.example.scip.storage.ScipIndexStorage - Initialized SCIP storage at: /tmp/junit7223810256891899987
2026-02-02 07:17:45.511 [main] DEBUG org.example.scip.storage.ScipIndexStorage - Saved metadata: /tmp/junit7223810256891899987/metadata/delete-test-20260202071745.json
2026-02-02 07:17:45.512 [main] INFO  org.example.scip.storage.ScipIndexStorage - Deleted index: delete-test-20260202071745
2026-02-02 07:17:45.515 [main] INFO  org.example.scip.storage.ScipIndexStorage - Initialized SCIP storage at: /tmp/junit15849775225213303211
2026-02-02 07:17:45.517 [main] INFO  org.example.scip.storage.ScipIndexStorage - Initialized SCIP storage at: /tmp/junit3305490419307830277
2026-02-02 07:17:45.520 [main] INFO  org.example.scip.storage.ScipIndexStorage - Initialized SCIP storage at: /tmp/junit8718267326097830598
2026-02-02 07:17:45.522 [main] INFO  org.example.scip.storage.ScipIndexStorage - Initialized SCIP storage at: /tmp/junit14262775965145440732
2026-02-02 07:17:45.524 [main] INFO  org.example.scip.storage.ScipIndexStorage - Initialized SCIP storage at: /tmp/junit7279196272158558038
2026-02-02 07:17:45.526 [main] INFO  org.example.scip.storage.ScipIndexStorage - Initialized SCIP storage at: /tmp/junit1036800796896501272
2026-02-02 07:17:45.531 [main] DEBUG org.example.scip.storage.ScipIndexStorage - Saved metadata: /tmp/junit1036800796896501272/metadata/testproject-20260202071745.json
2026-02-02 07:17:45.534 [main] INFO  org.example.scip.storage.ScipIndexStorage - Initialized SCIP storage at: /tmp/junit17248800212957165939
2026-02-02 07:17:45.537 [main] INFO  org.example.scip.storage.ScipIndexStorage - Initialized SCIP storage at: /tmp/junit8016457715539859429
2026-02-02 07:17:45.539 [main] INFO  org.example.scip.storage.ScipIndexStorage - Initialized SCIP storage at: /tmp/junit17150371554990256580
2026-02-02 07:17:45.562 [main] INFO  org.example.scip.ScipParser - Parsing SCIP index: /tmp/junit14374720032138231460/test.scip
2026-02-02 07:17:45.567 [main] INFO  org.example.scip.ScipParser - Parsed SCIP index in 5ms: 1 documents, 0 external symbols
2026-02-02 07:19:00.890 [main] DEBUG org.example.query.ReferenceQuery - Finding references to symbol: target
2026-02-02 07:19:00.928 [main] DEBUG org.example.query.ReferenceQuery - Finding references for: MyClass
2026-02-02 07:19:00.935 [main] DEBUG org.example.query.ReferenceQuery - Finding references for: method
2026-02-02 07:19:00.947 [main] DEBUG org.example.query.ReferenceQuery - Finding references for: Foo
2026-02-02 07:19:00.960 [main] DEBUG org.example.query.ReferenceQuery - Finding references for: method
2026-02-02 07:19:00.964 [main] DEBUG org.example.query.ReferenceQuery - Finding references for: com.example.UserService
2026-02-02 07:19:00.974 [main] DEBUG org.example.query.ReferenceQuery - Finding references from symbol: source
2026-02-02 07:19:00.999 [main] DEBUG org.example.query.ReferenceQuery - Finding references for: ArrayList
2026-02-02 07:19:01.009 [main] DEBUG org.example.query.DependencyQuery - Finding dependencies for: MyService with depth: 1
2026-02-02 07:19:01.014 [main] DEBUG org.example.query.DependencyQuery - Finding dependents for: com.example.BaseClass with depth: 1
2026-02-02 07:19:01.017 [main] DEBUG org.example.query.DependencyQuery - Finding direct dependents for: sym1
2026-02-02 07:19:01.019 [main] DEBUG org.example.query.DependencyQuery - Finding dependencies for: Root with depth: 1
2026-02-02 07:19:01.023 [main] DEBUG org.example.query.DependencyQuery - Finding dependencies for: Root with depth: 2
2026-02-02 07:19:01.026 [main] DEBUG org.example.query.DependencyQuery - Finding dependencies for: com.example.UserService with depth: 1
2026-02-02 07:19:01.029 [main] DEBUG org.example.query.DependencyQuery - Finding dependencies for: NonExistent with depth: 1
2026-02-02 07:19:01.029 [main] WARN  org.example.query.DependencyQuery - Symbol not found: NonExistent
2026-02-02 07:19:01.032 [main] DEBUG org.example.query.DependencyQuery - Finding dependencies for: A with depth: 3
2026-02-02 07:19:01.047 [main] DEBUG org.example.query.DependencyQuery - Finding transitive dependents for: sym1 with depth: 2
2026-02-02 07:19:01.052 [main] DEBUG org.example.query.DependencyQuery - Finding direct dependencies for: sym1
2026-02-02 07:19:01.055 [main] DEBUG org.example.query.DependencyQuery - Finding transitive dependencies for: sym1 with depth: 0
2026-02-02 07:19:01.064 [main] DEBUG org.example.query.DependencyQuery - Finding transitive dependencies for: sym1 with depth: 3
2026-02-02 07:19:01.075 [main] DEBUG org.example.query.SymbolQuery - Finding symbols by pattern: User*
2026-02-02 07:19:01.077 [main] DEBUG org.example.query.SymbolQuery - Finding symbols with criteria: SymbolSearchCriteria[name=null, fullyQualifiedName=null, kind=null, filePath=null, packageName=null]
2026-02-02 07:19:01.089 [main] WARN  org.example.query.SymbolQuery - No search criteria specified
2026-02-02 07:19:01.092 [main] DEBUG org.example.query.SymbolQuery - Finding symbols in file: src/MyClass.java
2026-02-02 07:19:01.094 [main] DEBUG org.example.query.SymbolQuery - Finding symbols by kind: METHOD
2026-02-02 07:19:01.097 [main] DEBUG org.example.query.SymbolQuery - Finding symbols by name: MyClass
2026-02-02 07:19:01.099 [main] DEBUG org.example.query.SymbolQuery - Finding symbols with criteria: SymbolSearchCriteria[name=Foo, fullyQualifiedName=null, kind=null, filePath=null, packageName=null]
2026-02-02 07:19:01.099 [main] DEBUG org.example.query.SymbolQuery - Finding symbols by name: Foo
2026-02-02 07:19:01.102 [main] DEBUG org.example.query.SymbolQuery - Finding symbols with criteria: SymbolSearchCriteria[name=Foo*, fullyQualifiedName=null, kind=null, filePath=null, packageName=null]
2026-02-02 07:19:01.102 [main] DEBUG org.example.query.SymbolQuery - Finding symbols by pattern: Foo*
2026-02-02 07:19:01.104 [main] DEBUG org.example.query.SymbolQuery - Finding symbols with criteria: SymbolSearchCriteria[name=null, fullyQualifiedName=com.example.Bar, kind=null, filePath=null, packageName=null]
2026-02-02 07:19:01.105 [main] DEBUG org.example.query.SymbolQuery - Finding symbol by FQN: com.example.Bar
2026-02-02 07:19:01.110 [main] DEBUG org.example.query.SymbolQuery - Finding symbols with criteria: SymbolSearchCriteria[name=Foo, fullyQualifiedName=null, kind=CLASS, filePath=null, packageName=null]
2026-02-02 07:19:01.110 [main] DEBUG org.example.query.SymbolQuery - Finding symbols by name: Foo
2026-02-02 07:19:01.113 [main] DEBUG org.example.query.SymbolQuery - Finding symbols by pattern: *Service
2026-02-02 07:19:01.114 [main] DEBUG org.example.query.SymbolQuery - Finding symbols by pattern: User?
2026-02-02 07:19:01.117 [main] DEBUG org.example.query.SymbolQuery - Finding symbol by FQN: nonexistent
2026-02-02 07:19:01.119 [main] DEBUG org.example.query.SymbolQuery - Finding symbols with criteria: SymbolSearchCriteria[name=Service, fullyQualifiedName=null, kind=null, filePath=null, packageName=com.example]
2026-02-02 07:19:01.119 [main] DEBUG org.example.query.SymbolQuery - Finding symbols by name: Service
2026-02-02 07:19:01.124 [main] DEBUG org.example.query.SymbolQuery - Finding symbol by FQN: com.example.MyClass
2026-02-02 07:19:01.165 [main] DEBUG org.example.scip.ScipToGraphMapper - Added 0 CONTAINS relationships
2026-02-02 07:19:01.167 [main] DEBUG org.example.scip.ScipToGraphMapper - Added 0 INJECTS relationships
2026-02-02 07:19:01.168 [main] INFO  org.example.scip.ScipToGraphMapper - Mapped 1 documents, 2 symbols, 1 references
2026-02-02 07:19:01.170 [main] DEBUG org.example.scip.ScipToGraphMapper - Added 0 CONTAINS relationships
2026-02-02 07:19:01.170 [main] DEBUG org.example.scip.ScipToGraphMapper - Added 0 INJECTS relationships
2026-02-02 07:19:01.170 [main] INFO  org.example.scip.ScipToGraphMapper - Mapped 1 documents, 1 symbols, 0 references
2026-02-02 07:19:01.173 [main] DEBUG org.example.scip.ScipToGraphMapper - Added 0 CONTAINS relationships
2026-02-02 07:19:01.174 [main] DEBUG org.example.scip.ScipToGraphMapper - Added 0 INJECTS relationships
2026-02-02 07:19:01.174 [main] INFO  org.example.scip.ScipToGraphMapper - Mapped 2 documents, 2 symbols, 0 references
2026-02-02 07:19:01.175 [main] DEBUG org.example.scip.ScipToGraphMapper - Added 2 CONTAINS relationships
2026-02-02 07:19:01.175 [main] DEBUG org.example.scip.ScipToGraphMapper - Added 0 INJECTS relationships
2026-02-02 07:19:01.176 [main] INFO  org.example.scip.ScipToGraphMapper - Mapped 1 documents, 2 symbols, 3 references
2026-02-02 07:19:01.180 [main] DEBUG org.example.scip.ScipToGraphMapper - Added 1 CONTAINS relationships
2026-02-02 07:19:01.180 [main] DEBUG org.example.scip.ScipToGraphMapper - Added 0 INJECTS relationships
2026-02-02 07:19:01.180 [main] INFO  org.example.scip.ScipToGraphMapper - Mapped 1 documents, 1 symbols, 1 references
2026-02-02 07:19:01.181 [main] DEBUG org.example.scip.ScipToGraphMapper - Added 0 CONTAINS relationships
2026-02-02 07:19:01.181 [main] DEBUG org.example.scip.ScipToGraphMapper - Added 0 INJECTS relationships
2026-02-02 07:19:01.181 [main] INFO  org.example.scip.ScipToGraphMapper - Mapped 0 documents, 0 symbols, 0 references
2026-02-02 07:19:01.183 [main] DEBUG org.example.scip.ScipToGraphMapper - Added 0 CONTAINS relationships
2026-02-02 07:19:01.183 [main] DEBUG org.example.scip.ScipToGraphMapper - Added 0 INJECTS relationships
2026-02-02 07:19:01.183 [main] INFO  org.example.scip.ScipToGraphMapper - Mapped 1 documents, 2 symbols, 1 references
2026-02-02 07:19:01.185 [main] DEBUG org.example.scip.ScipToGraphMapper - Added 1 CONTAINS relationships
2026-02-02 07:19:01.186 [main] DEBUG org.example.scip.ScipToGraphMapper - Added 0 INJECTS relationships
2026-02-02 07:19:01.186 [main] INFO  org.example.scip.ScipToGraphMapper - Mapped 1 documents, 1 symbols, 1 references
2026-02-02 07:19:01.187 [main] DEBUG org.example.scip.ScipToGraphMapper - Added 0 CONTAINS relationships
2026-02-02 07:19:01.187 [main] DEBUG org.example.scip.ScipToGraphMapper - Added 0 INJECTS relationships
2026-02-02 07:19:01.188 [main] INFO  org.example.scip.ScipToGraphMapper - Mapped 1 documents, 4 symbols, 0 references
2026-02-02 07:19:01.500 [main] INFO  org.example.scip.storage.ScipIndexStorage - Initialized SCIP storage at: /tmp/junit10898617317176100956
2026-02-02 07:19:01.539 [main] DEBUG org.example.scip.storage.ScipIndexStorage - Saved metadata: /tmp/junit10898617317176100956/metadata/delete-test-20260202071901.json
2026-02-02 07:19:01.540 [main] INFO  org.example.scip.storage.ScipIndexStorage - Deleted index: delete-test-20260202071901
2026-02-02 07:19:01.543 [main] INFO  org.example.scip.storage.ScipIndexStorage - Initialized SCIP storage at: /tmp/junit3114417503330606543
2026-02-02 07:19:01.545 [main] INFO  org.example.scip.storage.ScipIndexStorage - Initialized SCIP storage at: /tmp/junit18398606652710050977
2026-02-02 07:19:01.548 [main] INFO  org.example.scip.storage.ScipIndexStorage - Initialized SCIP storage at: /tmp/junit8918688364956908412
2026-02-02 07:19:01.550 [main] INFO  org.example.scip.storage.ScipIndexStorage - Initialized SCIP storage at: /tmp/junit14752327263722946171
2026-02-02 07:19:01.552 [main] INFO  org.example.scip.storage.ScipIndexStorage - Initialized SCIP storage at: /tmp/junit591791178521020880
2026-02-02 07:19:01.554 [main] INFO  org.example.scip.storage.ScipIndexStorage - Initialized SCIP storage at: /tmp/junit7987648795710527752
2026-02-02 07:19:01.560 [main] DEBUG org.example.scip.storage.ScipIndexStorage - Saved metadata: /tmp/junit7987648795710527752/metadata/testproject-20260202071901.json
2026-02-02 07:19:01.562 [main] INFO  org.example.scip.storage.ScipIndexStorage - Initialized SCIP storage at: /tmp/junit15455854334561911070
2026-02-02 07:19:01.565 [main] INFO  org.example.scip.storage.ScipIndexStorage - Initialized SCIP storage at: /tmp/junit38192524772185156
2026-02-02 07:19:01.567 [main] INFO  org.example.scip.storage.ScipIndexStorage - Initialized SCIP storage at: /tmp/junit8268859721112696475
2026-02-02 07:19:01.589 [main] INFO  org.example.scip.ScipParser - Parsing SCIP index: /tmp/junit12168658697218090100/test.scip
2026-02-02 07:19:01.593 [main] INFO  org.example.scip.ScipParser - Parsed SCIP index in 4ms: 1 documents, 0 external symbols
2026-02-02 07:22:58.753 [main] DEBUG org.example.query.ReferenceQuery - Finding references to symbol: target
2026-02-02 07:22:58.790 [main] DEBUG org.example.query.ReferenceQuery - Finding references for: MyClass
2026-02-02 07:22:58.805 [main] DEBUG org.example.query.ReferenceQuery - Finding references for: method
2026-02-02 07:22:58.815 [main] DEBUG org.example.query.ReferenceQuery - Finding references for: Foo
2026-02-02 07:22:58.825 [main] DEBUG org.example.query.ReferenceQuery - Finding references for: method
2026-02-02 07:22:58.833 [main] DEBUG org.example.query.ReferenceQuery - Finding references for: com.example.UserService
2026-02-02 07:22:58.843 [main] DEBUG org.example.query.ReferenceQuery - Finding references from symbol: source
2026-02-02 07:22:58.873 [main] DEBUG org.example.query.ReferenceQuery - Finding references for: ArrayList
2026-02-02 07:22:58.890 [main] DEBUG org.example.query.DependencyQuery - Finding dependencies for: MyService with depth: 1
2026-02-02 07:22:58.896 [main] DEBUG org.example.query.DependencyQuery - Finding dependents for: com.example.BaseClass with depth: 1
2026-02-02 07:22:58.900 [main] DEBUG org.example.query.DependencyQuery - Finding direct dependents for: sym1
2026-02-02 07:22:58.903 [main] DEBUG org.example.query.DependencyQuery - Finding dependencies for: Root with depth: 1
2026-02-02 07:22:58.907 [main] DEBUG org.example.query.DependencyQuery - Finding dependencies for: Root with depth: 2
2026-02-02 07:22:58.910 [main] DEBUG org.example.query.DependencyQuery - Finding dependencies for: com.example.UserService with depth: 1
2026-02-02 07:22:58.913 [main] DEBUG org.example.query.DependencyQuery - Finding dependencies for: NonExistent with depth: 1
2026-02-02 07:22:58.914 [main] WARN  org.example.query.DependencyQuery - Symbol not found: NonExistent
2026-02-02 07:22:58.918 [main] DEBUG org.example.query.DependencyQuery - Finding dependencies for: A with depth: 3
2026-02-02 07:22:58.928 [main] DEBUG org.example.query.DependencyQuery - Finding transitive dependents for: sym1 with depth: 2
2026-02-02 07:22:58.931 [main] DEBUG org.example.query.DependencyQuery - Finding direct dependencies for: sym1
2026-02-02 07:22:58.933 [main] DEBUG org.example.query.DependencyQuery - Finding transitive dependencies for: sym1 with depth: 0
2026-02-02 07:22:58.941 [main] DEBUG org.example.query.DependencyQuery - Finding transitive dependencies for: sym1 with depth: 3
2026-02-02 07:22:58.950 [main] DEBUG org.example.query.SymbolQuery - Finding symbols by pattern: User*
2026-02-02 07:22:58.952 [main] DEBUG org.example.query.SymbolQuery - Finding symbols with criteria: SymbolSearchCriteria[name=null, fullyQualifiedName=null, kind=null, filePath=null, packageName=null]
2026-02-02 07:22:58.959 [main] WARN  org.example.query.SymbolQuery - No search criteria specified
2026-02-02 07:22:58.961 [main] DEBUG org.example.query.SymbolQuery - Finding symbols in file: src/MyClass.java
2026-02-02 07:22:58.963 [main] DEBUG org.example.query.SymbolQuery - Finding symbols by kind: METHOD
2026-02-02 07:22:58.965 [main] DEBUG org.example.query.SymbolQuery - Finding symbols by name: MyClass
2026-02-02 07:22:58.967 [main] DEBUG org.example.query.SymbolQuery - Finding symbols with criteria: SymbolSearchCriteria[name=Foo, fullyQualifiedName=null, kind=null, filePath=null, packageName=null]
2026-02-02 07:22:58.967 [main] DEBUG org.example.query.SymbolQuery - Finding symbols by name: Foo
2026-02-02 07:22:58.969 [main] DEBUG org.example.query.SymbolQuery - Finding symbols with criteria: SymbolSearchCriteria[name=Foo*, fullyQualifiedName=null, kind=null, filePath=null, packageName=null]
2026-02-02 07:22:58.970 [main] DEBUG org.example.query.SymbolQuery - Finding symbols by pattern: Foo*
2026-02-02 07:22:58.972 [main] DEBUG org.example.query.SymbolQuery - Finding symbols with criteria: SymbolSearchCriteria[name=null, fullyQualifiedName=com.example.Bar, kind=null, filePath=null, packageName=null]
2026-02-02 07:22:58.972 [main] DEBUG org.example.query.SymbolQuery - Finding symbol by FQN: com.example.Bar
2026-02-02 07:22:58.974 [main] DEBUG org.example.query.SymbolQuery - Finding symbols with criteria: SymbolSearchCriteria[name=Foo, fullyQualifiedName=null, kind=CLASS, filePath=null, packageName=null]
2026-02-02 07:22:58.974 [main] DEBUG org.example.query.SymbolQuery - Finding symbols by name: Foo
2026-02-02 07:22:58.976 [main] DEBUG org.example.query.SymbolQuery - Finding symbols by pattern: *Service
2026-02-02 07:22:58.976 [main] DEBUG org.example.query.SymbolQuery - Finding symbols by pattern: User?
2026-02-02 07:22:58.978 [main] DEBUG org.example.query.SymbolQuery - Finding symbol by FQN: nonexistent
2026-02-02 07:22:58.979 [main] DEBUG org.example.query.SymbolQuery - Finding symbols with criteria: SymbolSearchCriteria[name=Service, fullyQualifiedName=null, kind=null, filePath=null, packageName=com.example]
2026-02-02 07:22:58.980 [main] DEBUG org.example.query.SymbolQuery - Finding symbols by name: Service
2026-02-02 07:22:58.982 [main] DEBUG org.example.query.SymbolQuery - Finding symbol by FQN: com.example.MyClass
2026-02-02 07:22:59.021 [main] DEBUG org.example.scip.ScipToGraphMapper - Added 0 CONTAINS relationships
2026-02-02 07:22:59.027 [main] DEBUG org.example.scip.ScipToGraphMapper - Added 0 INJECTS relationships
2026-02-02 07:22:59.028 [main] INFO  org.example.scip.ScipToGraphMapper - Mapped 1 documents, 2 symbols, 1 references
2026-02-02 07:22:59.033 [main] DEBUG org.example.scip.ScipToGraphMapper - Added 0 CONTAINS relationships
2026-02-02 07:22:59.033 [main] DEBUG org.example.scip.ScipToGraphMapper - Added 0 INJECTS relationships
2026-02-02 07:22:59.034 [main] INFO  org.example.scip.ScipToGraphMapper - Mapped 1 documents, 1 symbols, 0 references
2026-02-02 07:22:59.035 [main] DEBUG org.example.scip.ScipToGraphMapper - Added 0 CONTAINS relationships
2026-02-02 07:22:59.038 [main] DEBUG org.example.scip.ScipToGraphMapper - Added 0 INJECTS relationships
2026-02-02 07:22:59.038 [main] INFO  org.example.scip.ScipToGraphMapper - Mapped 2 documents, 2 symbols, 0 references
2026-02-02 07:22:59.040 [main] DEBUG org.example.scip.ScipToGraphMapper - Added 2 CONTAINS relationships
2026-02-02 07:22:59.040 [main] DEBUG org.example.scip.ScipToGraphMapper - Added 0 INJECTS relationships
2026-02-02 07:22:59.040 [main] INFO  org.example.scip.ScipToGraphMapper - Mapped 1 documents, 2 symbols, 3 references
2026-02-02 07:22:59.046 [main] DEBUG org.example.scip.ScipToGraphMapper - Added 1 CONTAINS relationships
2026-02-02 07:22:59.046 [main] DEBUG org.example.scip.ScipToGraphMapper - Added 0 INJECTS relationships
2026-02-02 07:22:59.046 [main] INFO  org.example.scip.ScipToGraphMapper - Mapped 1 documents, 1 symbols, 1 references
2026-02-02 07:22:59.047 [main] DEBUG org.example.scip.ScipToGraphMapper - Added 0 CONTAINS relationships
2026-02-02 07:22:59.048 [main] DEBUG org.example.scip.ScipToGraphMapper - Added 0 INJECTS relationships
2026-02-02 07:22:59.048 [main] INFO  org.example.scip.ScipToGraphMapper - Mapped 0 documents, 0 symbols, 0 references
2026-02-02 07:22:59.049 [main] DEBUG org.example.scip.ScipToGraphMapper - Added 0 CONTAINS relationships
2026-02-02 07:22:59.050 [main] DEBUG org.example.scip.ScipToGraphMapper - Added 0 INJECTS relationships
2026-02-02 07:22:59.050 [main] INFO  org.example.scip.ScipToGraphMapper - Mapped 1 documents, 2 symbols, 1 references
2026-02-02 07:22:59.051 [main] DEBUG org.example.scip.ScipToGraphMapper - Added 1 CONTAINS relationships
2026-02-02 07:22:59.051 [main] DEBUG org.example.scip.ScipToGraphMapper - Added 0 INJECTS relationships
2026-02-02 07:22:59.052 [main] INFO  org.example.scip.ScipToGraphMapper - Mapped 1 documents, 1 symbols, 1 references
2026-02-02 07:22:59.053 [main] DEBUG org.example.scip.ScipToGraphMapper - Added 0 CONTAINS relationships
2026-02-02 07:22:59.053 [main] DEBUG org.example.scip.ScipToGraphMapper - Added 0 INJECTS relationships
2026-02-02 07:22:59.053 [main] INFO  org.example.scip.ScipToGraphMapper - Mapped 1 documents, 4 symbols, 0 references
2026-02-02 07:22:59.400 [main] INFO  org.example.scip.storage.ScipIndexStorage - Initialized SCIP storage at: /tmp/junit17061659735951464007
2026-02-02 07:22:59.448 [main] DEBUG org.example.scip.storage.ScipIndexStorage - Saved metadata: /tmp/junit17061659735951464007/metadata/delete-test-20260202072259.json
2026-02-02 07:22:59.449 [main] INFO  org.example.scip.storage.ScipIndexStorage - Deleted index: delete-test-20260202072259
2026-02-02 07:22:59.452 [main] INFO  org.example.scip.storage.ScipIndexStorage - Initialized SCIP storage at: /tmp/junit4705305863928979683
2026-02-02 07:22:59.454 [main] INFO  org.example.scip.storage.ScipIndexStorage - Initialized SCIP storage at: /tmp/junit10239578354662080079
2026-02-02 07:22:59.457 [main] INFO  org.example.scip.storage.ScipIndexStorage - Initialized SCIP storage at: /tmp/junit18399290157452265151
2026-02-02 07:22:59.459 [main] INFO  org.example.scip.storage.ScipIndexStorage - Initialized SCIP storage at: /tmp/junit9165384020679221769
2026-02-02 07:22:59.461 [main] INFO  org.example.scip.storage.ScipIndexStorage - Initialized SCIP storage at: /tmp/junit10474695637802267162
2026-02-02 07:22:59.463 [main] INFO  org.example.scip.storage.ScipIndexStorage - Initialized SCIP storage at: /tmp/junit13701671682639932845
2026-02-02 07:22:59.468 [main] DEBUG org.example.scip.storage.ScipIndexStorage - Saved metadata: /tmp/junit13701671682639932845/metadata/testproject-20260202072259.json
2026-02-02 07:22:59.471 [main] INFO  org.example.scip.storage.ScipIndexStorage - Initialized SCIP storage at: /tmp/junit5076446850608016264
2026-02-02 07:22:59.475 [main] INFO  org.example.scip.storage.ScipIndexStorage - Initialized SCIP storage at: /tmp/junit4783529448563802390
2026-02-02 07:22:59.478 [main] INFO  org.example.scip.storage.ScipIndexStorage - Initialized SCIP storage at: /tmp/junit306674869019991964
2026-02-02 07:22:59.505 [main] INFO  org.example.scip.ScipParser - Parsing SCIP index: /tmp/junit8413192511322844629/test.scip
2026-02-02 07:22:59.509 [main] INFO  org.example.scip.ScipParser - Parsed SCIP index in 4ms: 1 documents, 0 external symbols
2026-02-02 07:23:16.161 [main] DEBUG org.example.query.ReferenceQuery - Finding references to symbol: target
2026-02-02 07:23:16.196 [main] DEBUG org.example.query.ReferenceQuery - Finding references for: MyClass
2026-02-02 07:23:16.202 [main] DEBUG org.example.query.ReferenceQuery - Finding references for: method
2026-02-02 07:23:16.209 [main] DEBUG org.example.query.ReferenceQuery - Finding references for: Foo
2026-02-02 07:23:16.216 [main] DEBUG org.example.query.ReferenceQuery - Finding references for: method
2026-02-02 07:23:16.226 [main] DEBUG org.example.query.ReferenceQuery - Finding references for: com.example.UserService
2026-02-02 07:23:16.237 [main] DEBUG org.example.query.ReferenceQuery - Finding references from symbol: source
2026-02-02 07:23:16.263 [main] DEBUG org.example.query.ReferenceQuery - Finding references for: ArrayList
2026-02-02 07:23:16.277 [main] DEBUG org.example.query.DependencyQuery - Finding dependencies for: MyService with depth: 1
2026-02-02 07:23:16.283 [main] DEBUG org.example.query.DependencyQuery - Finding dependents for: com.example.BaseClass with depth: 1
2026-02-02 07:23:16.287 [main] DEBUG org.example.query.DependencyQuery - Finding direct dependents for: sym1
2026-02-02 07:23:16.291 [main] DEBUG org.example.query.DependencyQuery - Finding dependencies for: Root with depth: 1
2026-02-02 07:23:16.295 [main] DEBUG org.example.query.DependencyQuery - Finding dependencies for: Root with depth: 2
2026-02-02 07:23:16.298 [main] DEBUG org.example.query.DependencyQuery - Finding dependencies for: com.example.UserService with depth: 1
2026-02-02 07:23:16.301 [main] DEBUG org.example.query.DependencyQuery - Finding dependencies for: NonExistent with depth: 1
2026-02-02 07:23:16.302 [main] WARN  org.example.query.DependencyQuery - Symbol not found: NonExistent
2026-02-02 07:23:16.305 [main] DEBUG org.example.query.DependencyQuery - Finding dependencies for: A with depth: 3
2026-02-02 07:23:16.317 [main] DEBUG org.example.query.DependencyQuery - Finding transitive dependents for: sym1 with depth: 2
2026-02-02 07:23:16.322 [main] DEBUG org.example.query.DependencyQuery - Finding direct dependencies for: sym1
2026-02-02 07:23:16.325 [main] DEBUG org.example.query.DependencyQuery - Finding transitive dependencies for: sym1 with depth: 0
2026-02-02 07:23:16.329 [main] DEBUG org.example.query.DependencyQuery - Finding transitive dependencies for: sym1 with depth: 3
2026-02-02 07:23:16.335 [main] DEBUG org.example.query.SymbolQuery - Finding symbols by pattern: User*
2026-02-02 07:23:16.337 [main] DEBUG org.example.query.SymbolQuery - Finding symbols with criteria: SymbolSearchCriteria[name=null, fullyQualifiedName=null, kind=null, filePath=null, packageName=null]
2026-02-02 07:23:16.351 [main] WARN  org.example.query.SymbolQuery - No search criteria specified
2026-02-02 07:23:16.353 [main] DEBUG org.example.query.SymbolQuery - Finding symbols in file: src/MyClass.java
2026-02-02 07:23:16.355 [main] DEBUG org.example.query.SymbolQuery - Finding symbols by kind: METHOD
2026-02-02 07:23:16.357 [main] DEBUG org.example.query.SymbolQuery - Finding symbols by name: MyClass
2026-02-02 07:23:16.361 [main] DEBUG org.example.query.SymbolQuery - Finding symbols with criteria: SymbolSearchCriteria[name=Foo, fullyQualifiedName=null, kind=null, filePath=null, packageName=null]
2026-02-02 07:23:16.361 [main] DEBUG org.example.query.SymbolQuery - Finding symbols by name: Foo
2026-02-02 07:23:16.364 [main] DEBUG org.example.query.SymbolQuery - Finding symbols with criteria: SymbolSearchCriteria[name=Foo*, fullyQualifiedName=null, kind=null, filePath=null, packageName=null]
2026-02-02 07:23:16.364 [main] DEBUG org.example.query.SymbolQuery - Finding symbols by pattern: Foo*
2026-02-02 07:23:16.366 [main] DEBUG org.example.query.SymbolQuery - Finding symbols with criteria: SymbolSearchCriteria[name=null, fullyQualifiedName=com.example.Bar, kind=null, filePath=null, packageName=null]
2026-02-02 07:23:16.366 [main] DEBUG org.example.query.SymbolQuery - Finding symbol by FQN: com.example.Bar
2026-02-02 07:23:16.368 [main] DEBUG org.example.query.SymbolQuery - Finding symbols with criteria: SymbolSearchCriteria[name=Foo, fullyQualifiedName=null, kind=CLASS, filePath=null, packageName=null]
2026-02-02 07:23:16.368 [main] DEBUG org.example.query.SymbolQuery - Finding symbols by name: Foo
2026-02-02 07:23:16.370 [main] DEBUG org.example.query.SymbolQuery - Finding symbols by pattern: *Service
2026-02-02 07:23:16.370 [main] DEBUG org.example.query.SymbolQuery - Finding symbols by pattern: User?
2026-02-02 07:23:16.372 [main] DEBUG org.example.query.SymbolQuery - Finding symbol by FQN: nonexistent
2026-02-02 07:23:16.374 [main] DEBUG org.example.query.SymbolQuery - Finding symbols with criteria: SymbolSearchCriteria[name=Service, fullyQualifiedName=null, kind=null, filePath=null, packageName=com.example]
2026-02-02 07:23:16.374 [main] DEBUG org.example.query.SymbolQuery - Finding symbols by name: Service
2026-02-02 07:23:16.376 [main] DEBUG org.example.query.SymbolQuery - Finding symbol by FQN: com.example.MyClass
2026-02-02 07:23:16.415 [main] DEBUG org.example.scip.ScipToGraphMapper - Added 0 CONTAINS relationships
2026-02-02 07:23:16.419 [main] DEBUG org.example.scip.ScipToGraphMapper - Added 0 INJECTS relationships
2026-02-02 07:23:16.419 [main] INFO  org.example.scip.ScipToGraphMapper - Mapped 1 documents, 2 symbols, 1 references
2026-02-02 07:23:16.421 [main] DEBUG org.example.scip.ScipToGraphMapper - Added 0 CONTAINS relationships
2026-02-02 07:23:16.422 [main] DEBUG org.example.scip.ScipToGraphMapper - Added 0 INJECTS relationships
2026-02-02 07:23:16.422 [main] INFO  org.example.scip.ScipToGraphMapper - Mapped 1 documents, 1 symbols, 0 references
2026-02-02 07:23:16.425 [main] DEBUG org.example.scip.ScipToGraphMapper - Added 0 CONTAINS relationships
2026-02-02 07:23:16.425 [main] DEBUG org.example.scip.ScipToGraphMapper - Added 0 INJECTS relationships
2026-02-02 07:23:16.425 [main] INFO  org.example.scip.ScipToGraphMapper - Mapped 2 documents, 2 symbols, 0 references
2026-02-02 07:23:16.427 [main] DEBUG org.example.scip.ScipToGraphMapper - Added 2 CONTAINS relationships
2026-02-02 07:23:16.427 [main] DEBUG org.example.scip.ScipToGraphMapper - Added 0 INJECTS relationships
2026-02-02 07:23:16.427 [main] INFO  org.example.scip.ScipToGraphMapper - Mapped 1 documents, 2 symbols, 3 references
2026-02-02 07:23:16.431 [main] DEBUG org.example.scip.ScipToGraphMapper - Added 1 CONTAINS relationships
2026-02-02 07:23:16.431 [main] DEBUG org.example.scip.ScipToGraphMapper - Added 0 INJECTS relationships
2026-02-02 07:23:16.431 [main] INFO  org.example.scip.ScipToGraphMapper - Mapped 1 documents, 1 symbols, 1 references
2026-02-02 07:23:16.432 [main] DEBUG org.example.scip.ScipToGraphMapper - Added 0 CONTAINS relationships
2026-02-02 07:23:16.433 [main] DEBUG org.example.scip.ScipToGraphMapper - Added 0 INJECTS relationships
2026-02-02 07:23:16.433 [main] INFO  org.example.scip.ScipToGraphMapper - Mapped 0 documents, 0 symbols, 0 references
2026-02-02 07:23:16.434 [main] DEBUG org.example.scip.ScipToGraphMapper - Added 0 CONTAINS relationships
2026-02-02 07:23:16.434 [main] DEBUG org.example.scip.ScipToGraphMapper - Added 0 INJECTS relationships
2026-02-02 07:23:16.435 [main] INFO  org.example.scip.ScipToGraphMapper - Mapped 1 documents, 2 symbols, 1 references
2026-02-02 07:23:16.436 [main] DEBUG org.example.scip.ScipToGraphMapper - Added 1 CONTAINS relationships
2026-02-02 07:23:16.436 [main] DEBUG org.example.scip.ScipToGraphMapper - Added 0 INJECTS relationships
2026-02-02 07:23:16.436 [main] INFO  org.example.scip.ScipToGraphMapper - Mapped 1 documents, 1 symbols, 1 references
2026-02-02 07:23:16.438 [main] DEBUG org.example.scip.ScipToGraphMapper - Added 0 CONTAINS relationships
2026-02-02 07:23:16.438 [main] DEBUG org.example.scip.ScipToGraphMapper - Added 0 INJECTS relationships
2026-02-02 07:23:16.438 [main] INFO  org.example.scip.ScipToGraphMapper - Mapped 1 documents, 4 symbols, 0 references
2026-02-02 07:23:16.733 [main] INFO  org.example.scip.storage.ScipIndexStorage - Initialized SCIP storage at: /tmp/junit10053745615866698812
2026-02-02 07:23:16.772 [main] DEBUG org.example.scip.storage.ScipIndexStorage - Saved metadata: /tmp/junit10053745615866698812/metadata/delete-test-20260202072316.json
2026-02-02 07:23:16.773 [main] INFO  org.example.scip.storage.ScipIndexStorage - Deleted index: delete-test-20260202072316
2026-02-02 07:23:16.776 [main] INFO  org.example.scip.storage.ScipIndexStorage - Initialized SCIP storage at: /tmp/junit8318548514070530927
2026-02-02 07:23:16.778 [main] INFO  org.example.scip.storage.ScipIndexStorage - Initialized SCIP storage at: /tmp/junit8865937020812444544
2026-02-02 07:23:16.781 [main] INFO  org.example.scip.storage.ScipIndexStorage - Initialized SCIP storage at: /tmp/junit927243656392382328
2026-02-02 07:23:16.783 [main] INFO  org.example.scip.storage.ScipIndexStorage - Initialized SCIP storage at: /tmp/junit11240835300767685212
2026-02-02 07:23:16.785 [main] INFO  org.example.scip.storage.ScipIndexStorage - Initialized SCIP storage at: /tmp/junit12325064068020693632
2026-02-02 07:23:16.787 [main] INFO  org.example.scip.storage.ScipIndexStorage - Initialized SCIP storage at: /tmp/junit4240567310550389912
2026-02-02 07:23:16.793 [main] DEBUG org.example.scip.storage.ScipIndexStorage - Saved metadata: /tmp/junit4240567310550389912/metadata/testproject-20260202072316.json
2026-02-02 07:23:16.796 [main] INFO  org.example.scip.storage.ScipIndexStorage - Initialized SCIP storage at: /tmp/junit17919994122173376728
2026-02-02 07:23:16.798 [main] INFO  org.example.scip.storage.ScipIndexStorage - Initialized SCIP storage at: /tmp/junit4917026122452125444
2026-02-02 07:23:16.801 [main] INFO  org.example.scip.storage.ScipIndexStorage - Initialized SCIP storage at: /tmp/junit2985038977360952142
2026-02-02 07:23:16.822 [main] INFO  org.example.scip.ScipParser - Parsing SCIP index: /tmp/junit15446480252444198314/test.scip
2026-02-02 07:23:16.826 [main] INFO  org.example.scip.ScipParser - Parsed SCIP index in 4ms: 1 documents, 0 external symbols
